20:11:11 **** Incremental Build of configuration Debug for project TP_PCSE ****
make -j16 all 
arm-none-eabi-gcc "../Drivers/API/src/API_SSD1306.c" -mcpu=cortex-m4 -std=gnu11 -g3 -DDEBUG -DUSE_HAL_DRIVER -DSTM32F401xE -c -I../Core/Inc -I../Drivers/STM32F4xx_HAL_Driver/Inc -I../Drivers/STM32F4xx_HAL_Driver/Inc/Legacy -I../Drivers/CMSIS/Device/ST/STM32F4xx/Include -I../Drivers/CMSIS/Include -I"C:/Users/lauta/Desktop/CESE/Materias/PdM/PdM_workspace/TP_PCSE/Drivers/API/inc" -O0 -ffunction-sections -fdata-sections -Wall -fstack-usage -fcyclomatic-complexity -MMD -MP -MF"Drivers/API/src/API_SSD1306.d" -MT"Drivers/API/src/API_SSD1306.o" --specs=nano.specs -mfpu=fpv4-sp-d16 -mfloat-abi=hard -mthumb -o "Drivers/API/src/API_SSD1306.o"
arm-none-eabi-gcc "../Core/Src/main.c" -mcpu=cortex-m4 -std=gnu11 -g3 -DDEBUG -DUSE_HAL_DRIVER -DSTM32F401xE -c -I../Core/Inc -I../Drivers/STM32F4xx_HAL_Driver/Inc -I../Drivers/STM32F4xx_HAL_Driver/Inc/Legacy -I../Drivers/CMSIS/Device/ST/STM32F4xx/Include -I../Drivers/CMSIS/Include -I"C:/Users/lauta/Desktop/CESE/Materias/PdM/PdM_workspace/TP_PCSE/Drivers/API/inc" -I"C:/Users/lauta/Desktop/CESE/Materias/PdM/PdM_workspace/TP_PCSE/Drivers/API/src" -O0 -ffunction-sections -fdata-sections -Wall -fstack-usage -fcyclomatic-complexity -MMD -MP -MF"Core/Src/main.d" -MT"Core/Src/main.o" --specs=nano.specs -mfpu=fpv4-sp-d16 -mfloat-abi=hard -mthumb -o "Core/Src/main.o"
arm-none-eabi-gcc -o "TP_PCSE.elf" @"objects.list"   -mcpu=cortex-m4 -T"C:\Users\lauta\Desktop\CESE\Materias\PdM\PdM_workspace\TP_PCSE\STM32F401RETX_FLASH.ld" --specs=nosys.specs -Wl,-Map="TP_PCSE.map" -Wl,--gc-sections -static --specs=nano.specs -mfpu=fpv4-sp-d16 -mfloat-abi=hard -mthumb -Wl,--start-group -lc -lm -Wl,--end-group
Finished building target: TP_PCSE.elf
 
arm-none-eabi-size   TP_PCSE.elf 
arm-none-eabi-objdump -h -S  TP_PCSE.elf  > "TP_PCSE.list"
   text	   data	    bss	    dec	    hex	filename
  16052	    128	   2776	  18956	   4a0c	TP_PCSE.elf
Finished building: default.size.stdout
 
Finished building: TP_PCSE.list
 
20:11:15 **** Incremental Build of configuration Debug for project TP_PCSE ****
make -j16 all 
arm-none-eabi-size   TP_PCSE.elf 
   text	   data	    bss	    dec	    hex	filename
  16052	    128	   2776	  18956	   4a0c	TP_PCSE.elf
Finished building: default.size.stdout
 
