18:54:38 **** Incremental Build of configuration Debug for project TP_PCSE ****
make -j16 all 
arm-none-eabi-gcc "../Core/Src/main.c" -mcpu=cortex-m4 -std=gnu11 -g3 -DDEBUG -DUSE_HAL_DRIVER -DSTM32F401xE -c -I../Core/Inc -I../Drivers/STM32F4xx_HAL_Driver/Inc -I../Drivers/STM32F4xx_HAL_Driver/Inc/Legacy -I../Drivers/CMSIS/Device/ST/STM32F4xx/Include -I../Drivers/CMSIS/Include -I"C:/Users/lauta/Desktop/CESE/Materias/PdM/PdM_workspace/TP_PCSE/Drivers/API/inc" -I"C:/Users/lauta/Desktop/CESE/Materias/PdM/PdM_workspace/TP_PCSE/Drivers/API/src" -O0 -ffunction-sections -fdata-sections -Wall -fstack-usage -fcyclomatic-complexity -MMD -MP -MF"Core/Src/main.d" -MT"Core/Src/main.o" --specs=nano.specs -mfpu=fpv4-sp-d16 -mfloat-abi=hard -mthumb -o "Core/Src/main.o"
arm-none-eabi-gcc -o "TP_PCSE.elf" @"objects.list"   -mcpu=cortex-m4 -T"C:\Users\lauta\Desktop\CESE\Materias\PdM\PdM_workspace\TP_PCSE\STM32F401RETX_FLASH.ld" --specs=nosys.specs -Wl,-Map="TP_PCSE.map" -Wl,--gc-sections -static --specs=nano.specs -mfpu=fpv4-sp-d16 -mfloat-abi=hard -mthumb -Wl,--start-group -lc -lm -Wl,--end-group
Finished building target: TP_PCSE.elf
 
arm-none-eabi-size   TP_PCSE.elf 
arm-none-eabi-objdump -h -S  TP_PCSE.elf  > "TP_PCSE.list"
   text	   data	    bss	    dec	    hex	filename
  16020	    128	   2776	  18924	   49ec	TP_PCSE.elf
Finished building: default.size.stdout
 
Finished building: TP_PCSE.list
 
18:54:50 **** Incremental Build of configuration Debug for project TP_PCSE ****
make -j16 all 
arm-none-eabi-size   TP_PCSE.elf 
   text	   data	    bss	    dec	    hex	filename
  16020	    128	   2776	  18924	   49ec	TP_PCSE.elf
Finished building: default.size.stdout
 
18:56:33 **** Incremental Build of configuration Debug for project TP_PCSE ****
make -j16 all 
arm-none-eabi-gcc "../Core/Src/main.c" -mcpu=cortex-m4 -std=gnu11 -g3 -DDEBUG -DUSE_HAL_DRIVER -DSTM32F401xE -c -I../Core/Inc -I../Drivers/STM32F4xx_HAL_Driver/Inc -I../Drivers/STM32F4xx_HAL_Driver/Inc/Legacy -I../Drivers/CMSIS/Device/ST/STM32F4xx/Include -I../Drivers/CMSIS/Include -I"C:/Users/lauta/Desktop/CESE/Materias/PdM/PdM_workspace/TP_PCSE/Drivers/API/inc" -I"C:/Users/lauta/Desktop/CESE/Materias/PdM/PdM_workspace/TP_PCSE/Drivers/API/src" -O0 -ffunction-sections -fdata-sections -Wall -fstack-usage -fcyclomatic-complexity -MMD -MP -MF"Core/Src/main.d" -MT"Core/Src/main.o" --specs=nano.specs -mfpu=fpv4-sp-d16 -mfloat-abi=hard -mthumb -o "Core/Src/main.o"
arm-none-eabi-gcc -o "TP_PCSE.elf" @"objects.list"   -mcpu=cortex-m4 -T"C:\Users\lauta\Desktop\CESE\Materias\PdM\PdM_workspace\TP_PCSE\STM32F401RETX_FLASH.ld" --specs=nosys.specs -Wl,-Map="TP_PCSE.map" -Wl,--gc-sections -static --specs=nano.specs -mfpu=fpv4-sp-d16 -mfloat-abi=hard -mthumb -Wl,--start-group -lc -lm -Wl,--end-group
Finished building target: TP_PCSE.elf
 
arm-none-eabi-size   TP_PCSE.elf 
arm-none-eabi-objdump -h -S  TP_PCSE.elf  > "TP_PCSE.list"
   text	   data	    bss	    dec	    hex	filename
  16040	    128	   2776	  18944	   4a00	TP_PCSE.elf
Finished building: default.size.stdout
 
Finished building: TP_PCSE.list
 
18:56:55 **** Incremental Build of configuration Debug for project TP_PCSE ****
make -j16 all 
arm-none-eabi-gcc "../Core/Src/main.c" -mcpu=cortex-m4 -std=gnu11 -g3 -DDEBUG -DUSE_HAL_DRIVER -DSTM32F401xE -c -I../Core/Inc -I../Drivers/STM32F4xx_HAL_Driver/Inc -I../Drivers/STM32F4xx_HAL_Driver/Inc/Legacy -I../Drivers/CMSIS/Device/ST/STM32F4xx/Include -I../Drivers/CMSIS/Include -I"C:/Users/lauta/Desktop/CESE/Materias/PdM/PdM_workspace/TP_PCSE/Drivers/API/inc" -I"C:/Users/lauta/Desktop/CESE/Materias/PdM/PdM_workspace/TP_PCSE/Drivers/API/src" -O0 -ffunction-sections -fdata-sections -Wall -fstack-usage -fcyclomatic-complexity -MMD -MP -MF"Core/Src/main.d" -MT"Core/Src/main.o" --specs=nano.specs -mfpu=fpv4-sp-d16 -mfloat-abi=hard -mthumb -o "Core/Src/main.o"
arm-none-eabi-gcc -o "TP_PCSE.elf" @"objects.list"   -mcpu=cortex-m4 -T"C:\Users\lauta\Desktop\CESE\Materias\PdM\PdM_workspace\TP_PCSE\STM32F401RETX_FLASH.ld" --specs=nosys.specs -Wl,-Map="TP_PCSE.map" -Wl,--gc-sections -static --specs=nano.specs -mfpu=fpv4-sp-d16 -mfloat-abi=hard -mthumb -Wl,--start-group -lc -lm -Wl,--end-group
Finished building target: TP_PCSE.elf
 
arm-none-eabi-size   TP_PCSE.elf 
arm-none-eabi-objdump -h -S  TP_PCSE.elf  > "TP_PCSE.list"
   text	   data	    bss	    dec	    hex	filename
  16040	    128	   2776	  18944	   4a00	TP_PCSE.elf
Finished building: default.size.stdout
 
Finished building: TP_PCSE.list
 
18:57:42 **** Incremental Build of configuration Debug for project TP_PCSE ****
make -j16 all 
arm-none-eabi-gcc "../Core/Src/main.c" -mcpu=cortex-m4 -std=gnu11 -g3 -DDEBUG -DUSE_HAL_DRIVER -DSTM32F401xE -c -I../Core/Inc -I../Drivers/STM32F4xx_HAL_Driver/Inc -I../Drivers/STM32F4xx_HAL_Driver/Inc/Legacy -I../Drivers/CMSIS/Device/ST/STM32F4xx/Include -I../Drivers/CMSIS/Include -I"C:/Users/lauta/Desktop/CESE/Materias/PdM/PdM_workspace/TP_PCSE/Drivers/API/inc" -I"C:/Users/lauta/Desktop/CESE/Materias/PdM/PdM_workspace/TP_PCSE/Drivers/API/src" -O0 -ffunction-sections -fdata-sections -Wall -fstack-usage -fcyclomatic-complexity -MMD -MP -MF"Core/Src/main.d" -MT"Core/Src/main.o" --specs=nano.specs -mfpu=fpv4-sp-d16 -mfloat-abi=hard -mthumb -o "Core/Src/main.o"
arm-none-eabi-gcc -o "TP_PCSE.elf" @"objects.list"   -mcpu=cortex-m4 -T"C:\Users\lauta\Desktop\CESE\Materias\PdM\PdM_workspace\TP_PCSE\STM32F401RETX_FLASH.ld" --specs=nosys.specs -Wl,-Map="TP_PCSE.map" -Wl,--gc-sections -static --specs=nano.specs -mfpu=fpv4-sp-d16 -mfloat-abi=hard -mthumb -Wl,--start-group -lc -lm -Wl,--end-group
Finished building target: TP_PCSE.elf
 
arm-none-eabi-size   TP_PCSE.elf 
arm-none-eabi-objdump -h -S  TP_PCSE.elf  > "TP_PCSE.list"
   text	   data	    bss	    dec	    hex	filename
  16040	    128	   2776	  18944	   4a00	TP_PCSE.elf
Finished building: default.size.stdout
 
Finished building: TP_PCSE.list
 
18:58:45 **** Incremental Build of configuration Debug for project TP_PCSE ****
make -j16 all 
arm-none-eabi-size   TP_PCSE.elf 
   text	   data	    bss	    dec	    hex	filename
  16040	    128	   2776	  18944	   4a00	TP_PCSE.elf
Finished building: default.size.stdout
 
18:59:34 **** Incremental Build of configuration Debug for project TP_PCSE ****
make -j16 all 
arm-none-eabi-gcc "../Core/Src/main.c" -mcpu=cortex-m4 -std=gnu11 -g3 -DDEBUG -DUSE_HAL_DRIVER -DSTM32F401xE -c -I../Core/Inc -I../Drivers/STM32F4xx_HAL_Driver/Inc -I../Drivers/STM32F4xx_HAL_Driver/Inc/Legacy -I../Drivers/CMSIS/Device/ST/STM32F4xx/Include -I../Drivers/CMSIS/Include -I"C:/Users/lauta/Desktop/CESE/Materias/PdM/PdM_workspace/TP_PCSE/Drivers/API/inc" -I"C:/Users/lauta/Desktop/CESE/Materias/PdM/PdM_workspace/TP_PCSE/Drivers/API/src" -O0 -ffunction-sections -fdata-sections -Wall -fstack-usage -fcyclomatic-complexity -MMD -MP -MF"Core/Src/main.d" -MT"Core/Src/main.o" --specs=nano.specs -mfpu=fpv4-sp-d16 -mfloat-abi=hard -mthumb -o "Core/Src/main.o"
arm-none-eabi-gcc -o "TP_PCSE.elf" @"objects.list"   -mcpu=cortex-m4 -T"C:\Users\lauta\Desktop\CESE\Materias\PdM\PdM_workspace\TP_PCSE\STM32F401RETX_FLASH.ld" --specs=nosys.specs -Wl,-Map="TP_PCSE.map" -Wl,--gc-sections -static --specs=nano.specs -mfpu=fpv4-sp-d16 -mfloat-abi=hard -mthumb -Wl,--start-group -lc -lm -Wl,--end-group
Finished building target: TP_PCSE.elf
 
arm-none-eabi-size   TP_PCSE.elf 
arm-none-eabi-objdump -h -S  TP_PCSE.elf  > "TP_PCSE.list"
   text	   data	    bss	    dec	    hex	filename
  16040	    128	   2776	  18944	   4a00	TP_PCSE.elf
Finished building: default.size.stdout
 
Finished building: TP_PCSE.list
 
19:00:34 **** Incremental Build of configuration Debug for project TP_PCSE ****
make -j16 all 
arm-none-eabi-gcc "../Core/Src/main.c" -mcpu=cortex-m4 -std=gnu11 -g3 -DDEBUG -DUSE_HAL_DRIVER -DSTM32F401xE -c -I../Core/Inc -I../Drivers/STM32F4xx_HAL_Driver/Inc -I../Drivers/STM32F4xx_HAL_Driver/Inc/Legacy -I../Drivers/CMSIS/Device/ST/STM32F4xx/Include -I../Drivers/CMSIS/Include -I"C:/Users/lauta/Desktop/CESE/Materias/PdM/PdM_workspace/TP_PCSE/Drivers/API/inc" -I"C:/Users/lauta/Desktop/CESE/Materias/PdM/PdM_workspace/TP_PCSE/Drivers/API/src" -O0 -ffunction-sections -fdata-sections -Wall -fstack-usage -fcyclomatic-complexity -MMD -MP -MF"Core/Src/main.d" -MT"Core/Src/main.o" --specs=nano.specs -mfpu=fpv4-sp-d16 -mfloat-abi=hard -mthumb -o "Core/Src/main.o"
../Core/Src/main.c: In function 'main':
../Core/Src/main.c:111:5: error: too few arguments to function 'ssd1306_WriteString'
  111 |     ssd1306_WriteString(":D");
      |     ^~~~~~~~~~~~~~~~~~~
In file included from ../Core/Src/main.c:21:
C:/Users/lauta/Desktop/CESE/Materias/PdM/PdM_workspace/TP_PCSE/Drivers/API/inc/API_SSD1306.h:100:6: note: declared here
  100 | char ssd1306_WriteString(char* string, SSD1306_COLOR color);
      |      ^~~~~~~~~~~~~~~~~~~
make: *** [Core/Src/subdir.mk:34: Core/Src/main.o] Error 1
"make -j16 all" terminated with exit code 2. Build might be incomplete.
19:00:44 **** Incremental Build of configuration Debug for project TP_PCSE ****
make -j16 all 
arm-none-eabi-gcc "../Core/Src/main.c" -mcpu=cortex-m4 -std=gnu11 -g3 -DDEBUG -DUSE_HAL_DRIVER -DSTM32F401xE -c -I../Core/Inc -I../Drivers/STM32F4xx_HAL_Driver/Inc -I../Drivers/STM32F4xx_HAL_Driver/Inc/Legacy -I../Drivers/CMSIS/Device/ST/STM32F4xx/Include -I../Drivers/CMSIS/Include -I"C:/Users/lauta/Desktop/CESE/Materias/PdM/PdM_workspace/TP_PCSE/Drivers/API/inc" -I"C:/Users/lauta/Desktop/CESE/Materias/PdM/PdM_workspace/TP_PCSE/Drivers/API/src" -O0 -ffunction-sections -fdata-sections -Wall -fstack-usage -fcyclomatic-complexity -MMD -MP -MF"Core/Src/main.d" -MT"Core/Src/main.o" --specs=nano.specs -mfpu=fpv4-sp-d16 -mfloat-abi=hard -mthumb -o "Core/Src/main.o"
arm-none-eabi-gcc -o "TP_PCSE.elf" @"objects.list"   -mcpu=cortex-m4 -T"C:\Users\lauta\Desktop\CESE\Materias\PdM\PdM_workspace\TP_PCSE\STM32F401RETX_FLASH.ld" --specs=nosys.specs -Wl,-Map="TP_PCSE.map" -Wl,--gc-sections -static --specs=nano.specs -mfpu=fpv4-sp-d16 -mfloat-abi=hard -mthumb -Wl,--start-group -lc -lm -Wl,--end-group
Finished building target: TP_PCSE.elf
 
arm-none-eabi-size   TP_PCSE.elf 
arm-none-eabi-objdump -h -S  TP_PCSE.elf  > "TP_PCSE.list"
   text	   data	    bss	    dec	    hex	filename
  16064	    128	   2776	  18968	   4a18	TP_PCSE.elf
Finished building: default.size.stdout
 
Finished building: TP_PCSE.list
 
19:01:32 **** Incremental Build of configuration Debug for project TP_PCSE ****
make -j16 all 
arm-none-eabi-gcc "../Core/Src/main.c" -mcpu=cortex-m4 -std=gnu11 -g3 -DDEBUG -DUSE_HAL_DRIVER -DSTM32F401xE -c -I../Core/Inc -I../Drivers/STM32F4xx_HAL_Driver/Inc -I../Drivers/STM32F4xx_HAL_Driver/Inc/Legacy -I../Drivers/CMSIS/Device/ST/STM32F4xx/Include -I../Drivers/CMSIS/Include -I"C:/Users/lauta/Desktop/CESE/Materias/PdM/PdM_workspace/TP_PCSE/Drivers/API/inc" -I"C:/Users/lauta/Desktop/CESE/Materias/PdM/PdM_workspace/TP_PCSE/Drivers/API/src" -O0 -ffunction-sections -fdata-sections -Wall -fstack-usage -fcyclomatic-complexity -MMD -MP -MF"Core/Src/main.d" -MT"Core/Src/main.o" --specs=nano.specs -mfpu=fpv4-sp-d16 -mfloat-abi=hard -mthumb -o "Core/Src/main.o"
arm-none-eabi-gcc -o "TP_PCSE.elf" @"objects.list"   -mcpu=cortex-m4 -T"C:\Users\lauta\Desktop\CESE\Materias\PdM\PdM_workspace\TP_PCSE\STM32F401RETX_FLASH.ld" --specs=nosys.specs -Wl,-Map="TP_PCSE.map" -Wl,--gc-sections -static --specs=nano.specs -mfpu=fpv4-sp-d16 -mfloat-abi=hard -mthumb -Wl,--start-group -lc -lm -Wl,--end-group
Finished building target: TP_PCSE.elf
 
arm-none-eabi-size   TP_PCSE.elf 
arm-none-eabi-objdump -h -S  TP_PCSE.elf  > "TP_PCSE.list"
   text	   data	    bss	    dec	    hex	filename
  16064	    128	   2776	  18968	   4a18	TP_PCSE.elf
Finished building: default.size.stdout
 
Finished building: TP_PCSE.list
 
