20:39:14 **** Build of configuration Debug for project P3_ej1_mod ****
make -j16 all 
arm-none-eabi-gcc "../Drivers/API/src/API_delay.c" -mcpu=cortex-m4 -std=gnu11 -g3 -DDEBUG -DUSE_HAL_DRIVER -DSTM32F401xE -c -I../Core/Inc -I../Drivers/STM32F4xx_HAL_Driver/Inc -I../Drivers/STM32F4xx_HAL_Driver/Inc/Legacy -I../Drivers/CMSIS/Device/ST/STM32F4xx/Include -I../Drivers/CMSIS/Include -I"C:/Users/lauta/STM32Cube/Repository/STM32Cube_FW_F4_V1.27.1/Drivers/BSP/STM32F4xx_Nucleo_144" -I"C:/Users/lauta/Desktop/CESE/Materias/PdM/PdM_workspace/P3_ej1_mod/Drivers/API/inc" -O0 -ffunction-sections -fdata-sections -Wall -fstack-usage -fcyclomatic-complexity -MMD -MP -MF"Drivers/API/src/API_delay.d" -MT"Drivers/API/src/API_delay.o" --specs=nano.specs -mfpu=fpv4-sp-d16 -mfloat-abi=hard -mthumb -o "Drivers/API/src/API_delay.o"
../Drivers/API/src/API_delay.c: In function 'delayInit':
../Drivers/API/src/API_delay.c:16:3: warning: implicit declaration of function 'Error_Handler' [-Wimplicit-function-declaration]
   16 |   Error_Handler();
      |   ^~~~~~~~~~~~~
arm-none-eabi-gcc -o "P3_ej1_mod.elf" @"objects.list"   -mcpu=cortex-m4 -T"C:\Users\lauta\Desktop\CESE\Materias\PdM\PdM_workspace\P3_ej1_mod\STM32F401RETX_FLASH.ld" --specs=nosys.specs -Wl,-Map="P3_ej1_mod.map" -Wl,--gc-sections -static --specs=nano.specs -mfpu=fpv4-sp-d16 -mfloat-abi=hard -mthumb -Wl,--start-group -lc -lm -Wl,--end-group
Finished building target: P3_ej1_mod.elf
 
arm-none-eabi-size   P3_ej1_mod.elf 
arm-none-eabi-objdump -h -S  P3_ej1_mod.elf  > "P3_ej1_mod.list"
   text	   data	    bss	    dec	    hex	filename
   7648	     20	   1636	   9304	   2458	P3_ej1_mod.elf
Finished building: default.size.stdout
 
Finished building: P3_ej1_mod.list
 

20:39:15 Build Finished. 0 errors, 1 warnings. (took 913ms)

