20:39:15 **** Build of configuration Debug for project P3_ej2_mod ****
make -j16 all 
arm-none-eabi-gcc "C:/Users/lauta/STM32Cube/Repository/STM32Cube_FW_F4_V1.27.1/Drivers/BSP/STM32F4xx_Nucleo_144/stm32f4xx_nucleo_144.c" -mcpu=cortex-m4 -std=gnu11 -g3 -DDEBUG -DUSE_HAL_DRIVER -DSTM32F401xE -c -I../Core/Inc -I../Drivers/STM32F4xx_HAL_Driver/Inc -I"C:/Users/lauta/Desktop/CESE/Materias/PdM/PdM_workspace/P3_ej2_mod/Drivers/API" -I"C:/Users/lauta/Desktop/CESE/Materias/PdM/PdM_workspace/P3_ej2_mod/Drivers/API/inc" -I../Drivers/STM32F4xx_HAL_Driver/Inc/Legacy -I../Drivers/CMSIS/Device/ST/STM32F4xx/Include -I../Drivers/CMSIS/Include -I"C:/Users/lauta/STM32Cube/Repository/STM32Cube_FW_F4_V1.27.1/Drivers/BSP/STM32F4xx_Nucleo_144" -O0 -ffunction-sections -fdata-sections -Wall -fstack-usage -fcyclomatic-complexity -MMD -MP -MF"STM32F4xx_Nucleo_144/stm32f4xx_nucleo_144.d" -MT"STM32F4xx_Nucleo_144/stm32f4xx_nucleo_144.o" --specs=nano.specs -mfpu=fpv4-sp-d16 -mfloat-abi=hard -mthumb -o "STM32F4xx_Nucleo_144/stm32f4xx_nucleo_144.o"
arm-none-eabi-gcc "../Drivers/API/src/API_delay.c" -mcpu=cortex-m4 -std=gnu11 -g3 -DDEBUG -DUSE_HAL_DRIVER -DSTM32F401xE -c -I../Core/Inc -I../Drivers/STM32F4xx_HAL_Driver/Inc -I"C:/Users/lauta/Desktop/CESE/Materias/PdM/PdM_workspace/P3_ej2_mod/Drivers/API" -I"C:/Users/lauta/Desktop/CESE/Materias/PdM/PdM_workspace/P3_ej2_mod/Drivers/API/inc" -I../Drivers/STM32F4xx_HAL_Driver/Inc/Legacy -I../Drivers/CMSIS/Device/ST/STM32F4xx/Include -I../Drivers/CMSIS/Include -I"C:/Users/lauta/STM32Cube/Repository/STM32Cube_FW_F4_V1.27.1/Drivers/BSP/STM32F4xx_Nucleo_144" -O0 -ffunction-sections -fdata-sections -Wall -fstack-usage -fcyclomatic-complexity -MMD -MP -MF"Drivers/API/src/API_delay.d" -MT"Drivers/API/src/API_delay.o" --specs=nano.specs -mfpu=fpv4-sp-d16 -mfloat-abi=hard -mthumb -o "Drivers/API/src/API_delay.o"
arm-none-eabi-gcc "../Core/Src/main.c" -mcpu=cortex-m4 -std=gnu11 -g3 -DDEBUG -DUSE_HAL_DRIVER -DSTM32F401xE -c -I../Core/Inc -I../Drivers/STM32F4xx_HAL_Driver/Inc -I"C:/Users/lauta/Desktop/CESE/Materias/PdM/PdM_workspace/P3_ej2_mod/Drivers/API" -I"C:/Users/lauta/Desktop/CESE/Materias/PdM/PdM_workspace/P3_ej2_mod/Drivers/API/inc" -I../Drivers/STM32F4xx_HAL_Driver/Inc/Legacy -I../Drivers/CMSIS/Device/ST/STM32F4xx/Include -I../Drivers/CMSIS/Include -I"C:/Users/lauta/STM32Cube/Repository/STM32Cube_FW_F4_V1.27.1/Drivers/BSP/STM32F4xx_Nucleo_144" -O0 -ffunction-sections -fdata-sections -Wall -fstack-usage -fcyclomatic-complexity -MMD -MP -MF"Core/Src/main.d" -MT"Core/Src/main.o" --specs=nano.specs -mfpu=fpv4-sp-d16 -mfloat-abi=hard -mthumb -o "Core/Src/main.o"
../Drivers/API/src/API_delay.c: In function 'delayInit':
../Drivers/API/src/API_delay.c:15:3: warning: implicit declaration of function 'Error_Handler' [-Wimplicit-function-declaration]
   15 |   Error_Handler();
      |   ^~~~~~~~~~~~~
arm-none-eabi-gcc -o "P3_ej2_mod.elf" @"objects.list"   -mcpu=cortex-m4 -T"C:\Users\lauta\Desktop\CESE\Materias\PdM\PdM_workspace\P3_ej2_mod\STM32F401RETX_FLASH.ld" --specs=nosys.specs -Wl,-Map="P3_ej2_mod.map" -Wl,--gc-sections -static --specs=nano.specs -mfpu=fpv4-sp-d16 -mfloat-abi=hard -mthumb -Wl,--start-group -lc -lm -Wl,--end-group
Finished building target: P3_ej2_mod.elf
 
arm-none-eabi-size   P3_ej2_mod.elf 
arm-none-eabi-objdump -h -S  P3_ej2_mod.elf  > "P3_ej2_mod.list"
   text	   data	    bss	    dec	    hex	filename
   8308	     32	   1640	   9980	   26fc	P3_ej2_mod.elf
Finished building: default.size.stdout
 
Finished building: P3_ej2_mod.list
 

20:39:16 Build Finished. 0 errors, 1 warnings. (took 910ms)

