20:48:21 **** Incremental Build of configuration Debug for project P4_ej1 ****
make -j16 all 
arm-none-eabi-gcc "../Core/Src/main.c" -mcpu=cortex-m4 -std=gnu11 -g3 -DDEBUG -DUSE_HAL_DRIVER -DSTM32F401xE -c -I../Core/Inc -I../Drivers/STM32F4xx_HAL_Driver/Inc -I"C:/Users/lauta/Desktop/CESE/Materias/PdM/PdM_workspace/P4_ej1/Drivers/API" -I"C:/Users/lauta/Desktop/CESE/Materias/PdM/PdM_workspace/P4_ej1/Drivers/API/inc" -I../Drivers/STM32F4xx_HAL_Driver/Inc/Legacy -I../Drivers/CMSIS/Device/ST/STM32F4xx/Include -I../Drivers/CMSIS/Include -I"C:/Users/lauta/STM32Cube/Repository/STM32Cube_FW_F4_V1.27.1/Drivers/BSP/STM32F4xx_Nucleo_144" -O0 -ffunction-sections -fdata-sections -Wall -fstack-usage -fcyclomatic-complexity -MMD -MP -MF"Core/Src/main.d" -MT"Core/Src/main.o" --specs=nano.specs -mfpu=fpv4-sp-d16 -mfloat-abi=hard -mthumb -o "Core/Src/main.o"
arm-none-eabi-gcc -o "P4_ej1.elf" @"objects.list"   -mcpu=cortex-m4 -T"C:\Users\lauta\Desktop\CESE\Materias\PdM\PdM_workspace\P4_ej1\STM32F401RETX_FLASH.ld" --specs=nosys.specs -Wl,-Map="P4_ej1.map" -Wl,--gc-sections -static --specs=nano.specs -mfpu=fpv4-sp-d16 -mfloat-abi=hard -mthumb -Wl,--start-group -lc -lm -Wl,--end-group
Finished building target: P4_ej1.elf
 
arm-none-eabi-size   P4_ej1.elf 
arm-none-eabi-objdump -h -S  P4_ej1.elf  > "P4_ej1.list"
   text	   data	    bss	    dec	    hex	filename
   8724	     36	   1652	  10412	   28ac	P4_ej1.elf
Finished building: default.size.stdout
 
Finished building: P4_ej1.list
 

20:48:21 Build Finished. 0 errors, 0 warnings. (took 613ms)

